<?xml version="1.0" encoding="UTF-8"?>
<testsuites name="jest tests" tests="31" failures="1" errors="0" time="7.074">
  <testsuite name="formatBytes" errors="0" failures="0" skipped="0" timestamp="2023-12-05T23:36:37" time="5.719" tests="3">
    <testcase classname="formatBytes should format bytes correctly" name="formatBytes should format bytes correctly" time="0.014">
    </testcase>
    <testcase classname="formatBytes should handle edge case of 0 bytes" name="formatBytes should handle edge case of 0 bytes" time="0.002">
    </testcase>
    <testcase classname="formatBytes should handle negative values" name="formatBytes should handle negative values" time="0.002">
    </testcase>
  </testsuite>
  <testsuite name="Cypher" errors="0" failures="0" skipped="0" timestamp="2023-12-05T23:36:37" time="5.953" tests="5">
    <testcase classname="Cypher decrypt should correctly decrypt a transit message" name="Cypher decrypt should correctly decrypt a transit message" time="0.057">
    </testcase>
    <testcase classname="Cypher decrypt should return an empty string if decryption fails" name="Cypher decrypt should return an empty string if decryption fails" time="0.018">
    </testcase>
    <testcase classname="Cypher encrypt should correctly encrypt a message" name="Cypher encrypt should correctly encrypt a message" time="0.035">
    </testcase>
    <testcase classname="Cypher encrypt should return a different encrypted message whenever it is called" name="Cypher encrypt should return a different encrypted message whenever it is called" time="0.045">
    </testcase>
    <testcase classname="Cypher encrypt should return the same encrypted message if called with random flag set to false" name="Cypher encrypt should return the same encrypted message if called with random flag set to false" time="0.029">
    </testcase>
  </testsuite>
  <testsuite name="matchPath" errors="0" failures="0" skipped="0" timestamp="2023-12-05T23:36:37" time="5.98" tests="7">
    <testcase classname="matchPath should return true if the test path matches the template path" name="matchPath should return true if the test path matches the template path" time="0.011">
    </testcase>
    <testcase classname="addSearchParams should return the route path as is when no search parameters are provided" name="addSearchParams should return the route path as is when no search parameters are provided" time="0.001">
    </testcase>
    <testcase classname="addSearchParams should append search parameters to the route path with default options" name="addSearchParams should append search parameters to the route path with default options" time="0.003">
    </testcase>
    <testcase classname="addSearchParams should append search parameters to the route path event when the path has existing search parameters" name="addSearchParams should append search parameters to the route path event when the path has existing search parameters" time="0.001">
    </testcase>
    <testcase classname="addSearchParams should encode object as stringified url" name="addSearchParams should encode object as stringified url" time="0.002">
    </testcase>
    <testcase classname="addSearchParams should be able to work work with both primitive types and object types in same url" name="addSearchParams should be able to work work with both primitive types and object types in same url" time="0.003">
    </testcase>
    <testcase classname="addSearchParams should replace the existing search param not append if it already exists" name="addSearchParams should replace the existing search param not append if it already exists" time="0.001">
    </testcase>
  </testsuite>
  <testsuite name="diff function" errors="0" failures="1" skipped="0" timestamp="2023-12-05T23:36:37" time="6.174" tests="9">
    <testcase classname="diff function should correctly identify differences in simple objects" name="diff function should correctly identify differences in simple objects" time="0.009">
    </testcase>
    <testcase classname="diff function should handle bidirectional diff correctly" name="diff function should handle bidirectional diff correctly" time="0.001">
    </testcase>
    <testcase classname="diff function should handle nested objects" name="diff function should handle nested objects" time="0">
    </testcase>
    <testcase classname="diff function should handle empty objects" name="diff function should handle empty objects" time="0">
    </testcase>
    <testcase classname="diff function should handle bidirectional diff with no differences" name="diff function should handle bidirectional diff with no differences" time="0.001">
    </testcase>
    <testcase classname="diff function should set missing keys in updatedData to null" name="diff function should set missing keys in updatedData to null" time="0">
    </testcase>
    <testcase classname="diff function should handle missing nested keys by setting them to null" name="diff function should handle missing nested keys by setting them to null" time="0.013">
      <failure>Error: expect(received).toEqual(expected) // deep equality

- Expected  - 1
+ Received  + 0

  Object {
    &quot;b&quot;: Object {
      &quot;nested&quot;: Object {
        &quot;y&quot;: &quot;foo&quot;,
-       &quot;z&quot;: null,
      },
    },
  }
    at Object.&lt;anonymous&gt; (D:\sandbox\rmkasendwa.com\rmk-utils\src\data.test.ts:70:24)
    at Promise.then.completed (D:\sandbox\rmkasendwa.com\rmk-utils\node_modules\jest-circus\build\utils.js:298:28)
    at new Promise (&lt;anonymous&gt;)
    at callAsyncCircusFn (D:\sandbox\rmkasendwa.com\rmk-utils\node_modules\jest-circus\build\utils.js:231:10)
    at _callCircusTest (D:\sandbox\rmkasendwa.com\rmk-utils\node_modules\jest-circus\build\run.js:316:40)
    at processTicksAndRejections (node:internal/process/task_queues:95:5)
    at _runTest (D:\sandbox\rmkasendwa.com\rmk-utils\node_modules\jest-circus\build\run.js:252:3)
    at _runTestsForDescribeBlock (D:\sandbox\rmkasendwa.com\rmk-utils\node_modules\jest-circus\build\run.js:126:9)
    at _runTestsForDescribeBlock (D:\sandbox\rmkasendwa.com\rmk-utils\node_modules\jest-circus\build\run.js:121:9)
    at run (D:\sandbox\rmkasendwa.com\rmk-utils\node_modules\jest-circus\build\run.js:71:3)
    at runAndTransformResultsToJestFormat (D:\sandbox\rmkasendwa.com\rmk-utils\node_modules\jest-circus\build\legacy-code-todo-rewrite\jestAdapterInit.js:122:21)
    at jestAdapter (D:\sandbox\rmkasendwa.com\rmk-utils\node_modules\jest-circus\build\legacy-code-todo-rewrite\jestAdapter.js:79:19)
    at runTestInternal (D:\sandbox\rmkasendwa.com\rmk-utils\node_modules\jest-runner\build\runTest.js:367:16)
    at runTest (D:\sandbox\rmkasendwa.com\rmk-utils\node_modules\jest-runner\build\runTest.js:444:34)
    at Object.worker (D:\sandbox\rmkasendwa.com\rmk-utils\node_modules\jest-runner\build\testWorker.js:106:12)</failure>
    </testcase>
    <testcase classname="diff function should not add nulls for keys that exist in both objects" name="diff function should not add nulls for keys that exist in both objects" time="0.001">
    </testcase>
    <testcase classname="diff function should set missing keys in updatedData to null when originalData is empty" name="diff function should set missing keys in updatedData to null when originalData is empty" time="0">
    </testcase>
  </testsuite>
  <testsuite name="createDateWithoutTimezoneOffset" errors="0" failures="0" skipped="0" timestamp="2023-12-05T23:36:37" time="6.437" tests="7">
    <testcase classname="createDateWithoutTimezoneOffset should return a new Date instance without timezone offset for number input" name="createDateWithoutTimezoneOffset should return a new Date instance without timezone offset for number input" time="0.009">
    </testcase>
    <testcase classname="createDateWithoutTimezoneOffset should return a new Date instance without timezone offset for Date input" name="createDateWithoutTimezoneOffset should return a new Date instance without timezone offset for Date input" time="0.001">
    </testcase>
    <testcase classname="createDateWithoutTimezoneOffset should return a new Date instance with timezone offset adjustment for string input without time" name="createDateWithoutTimezoneOffset should return a new Date instance with timezone offset adjustment for string input without time" time="0.001">
    </testcase>
    <testcase classname="createDateWithoutTimezoneOffset should return the original Date instance for string input with time" name="createDateWithoutTimezoneOffset should return the original Date instance for string input with time" time="0.001">
    </testcase>
    <testcase classname="dateStringHasTimeComponent should return true for a valid date string with time component" name="dateStringHasTimeComponent should return true for a valid date string with time component" time="0.001">
    </testcase>
    <testcase classname="dateStringHasTimeComponent should return false for a valid date string without time component" name="dateStringHasTimeComponent should return false for a valid date string without time component" time="0">
    </testcase>
    <testcase classname="dateStringHasTimeComponent should return false for an invalid date string" name="dateStringHasTimeComponent should return false for an invalid date string" time="0">
    </testcase>
  </testsuite>
</testsuites>